2026-01-25 01:21:43,963 [DEBUG] [setup_logging:328] ======================================================================
2026-01-25 01:21:43,963 [DEBUG] [setup_logging:329] SESSION START - Google Drive Cache Analyzer v3.2.0
2026-01-25 01:21:43,963 [DEBUG] [setup_logging:330] Timestamp: 2026-01-25T01:21:43.963356
2026-01-25 01:21:43,963 [DEBUG] [setup_logging:331] Python: 3.11.14 (main, Oct  9 2025, 16:16:55) [Clang 17.0.0 (clang-1700.4.4.1)]
2026-01-25 01:21:43,972 [DEBUG] [setup_logging:332] Platform: macOS-26.2-arm64-arm-64bit
2026-01-25 01:21:43,972 [DEBUG] [setup_logging:333] User: /Users/romansergeev
2026-01-25 01:21:43,973 [DEBUG] [setup_logging:334] Script: /Users/romansergeev/YTAI/utils/google_drive_cleaner/google_drive_cleaner_v3.py
2026-01-25 01:21:43,973 [DEBUG] [setup_logging:335] Verbose mode: False
2026-01-25 01:21:43,973 [DEBUG] [setup_logging:336] ======================================================================
2026-01-25 01:21:43,973 [DEBUG] [analyze:760] ==================================================
2026-01-25 01:21:43,973 [DEBUG] [analyze:761] STARTING ANALYSIS
2026-01-25 01:21:43,973 [DEBUG] [analyze:762] ==================================================
2026-01-25 01:21:43,973 [DEBUG] [run_checks:743] Starting pre-flight checks...
2026-01-25 01:21:44,178 [DEBUG] [run_checks:748]   Check [PASS] Python Version: Python 3.11 detected
2026-01-25 01:21:44,178 [DEBUG] [run_checks:748]   Check [PASS] Operating System: Darwin detected
2026-01-25 01:21:44,178 [DEBUG] [run_checks:748]   Check [PASS] macOS Version: macOS 26.2
2026-01-25 01:21:44,179 [DEBUG] [run_checks:748]   Check [PASS] Google Drive Status: Not running
2026-01-25 01:21:44,179 [DEBUG] [run_checks:748]   Check [PASS] Disk Space: 551.94 GB free (98.8%)
2026-01-25 01:21:44,179 [DEBUG] [run_checks:748]   Check [PASS] Time Machine: Not running
2026-01-25 01:21:44,179 [DEBUG] [run_checks:748]   Check [PASS] Network Connection: Connected
2026-01-25 01:21:44,179 [DEBUG] [run_checks:748]   Check [PASS] Google Accounts: 0 active, 5 backup folders
2026-01-25 01:21:44,179 [DEBUG] [run_checks:748]   Check [PASS] Permissions: Read access OK
2026-01-25 01:21:44,179 [DEBUG] [run_checks:748]   Check [PASS] Sync Status: No active sync
2026-01-25 01:21:44,179 [DEBUG] [run_checks:753] Pre-flight checks complete. Critical failures: False
2026-01-25 01:21:44,179 [DEBUG] [analyze:783] --------------------------------------------------
2026-01-25 01:21:44,179 [DEBUG] [analyze:784] SCANNING CACHE LOCATIONS
2026-01-25 01:21:44,179 [DEBUG] [analyze:785] --------------------------------------------------
2026-01-25 01:21:44,179 [DEBUG] [analyze:788] Scanning: DriveFS Main Cache
2026-01-25 01:21:44,179 [DEBUG] [analyze:789]   Path: /Users/romansergeev/Library/Application Support/Google/DriveFS
2026-01-25 01:21:44,235 [DEBUG] [analyze:798]   Found: 635.44 MB (500 files)
2026-01-25 01:21:44,235 [DEBUG] [analyze:799]   Risk level: safe
2026-01-25 01:21:44,235 [DEBUG] [analyze:788] Scanning: CloudStorage Virtual Mounts
2026-01-25 01:21:44,235 [DEBUG] [analyze:789]   Path: /Users/romansergeev/Library/CloudStorage
2026-01-25 01:21:44,267 [DEBUG] [analyze:798]   Found: 588.45 MB (98 files)
2026-01-25 01:21:44,267 [DEBUG] [analyze:799]   Risk level: safe
2026-01-25 01:21:44,267 [DEBUG] [analyze:788] Scanning: Google Cache Directory
2026-01-25 01:21:44,267 [DEBUG] [analyze:789]   Path: /Users/romansergeev/Library/Caches/Google
2026-01-25 01:21:44,580 [DEBUG] [analyze:798]   Found: 1.83 GB (500 files)
2026-01-25 01:21:44,580 [DEBUG] [analyze:799]   Risk level: safe
2026-01-25 01:21:44,580 [DEBUG] [analyze:788] Scanning: DriveFS Cache
2026-01-25 01:21:44,580 [DEBUG] [analyze:789]   Path: /Users/romansergeev/Library/Caches/com.google.drivefs
2026-01-25 01:21:44,580 [DEBUG] [analyze:811]   Not found or empty
2026-01-25 01:21:44,580 [DEBUG] [analyze:788] Scanning: DriveFS Preferences
2026-01-25 01:21:44,580 [DEBUG] [analyze:789]   Path: /Users/romansergeev/Library/Preferences/com.google.drivefs.plist
2026-01-25 01:21:44,580 [DEBUG] [analyze:798]   Found: 1.22 KB (1 files)
2026-01-25 01:21:44,580 [DEBUG] [analyze:799]   Risk level: low
2026-01-25 01:21:44,580 [DEBUG] [analyze:788] Scanning: Google Logs
2026-01-25 01:21:44,580 [DEBUG] [analyze:789]   Path: /Users/romansergeev/Library/Logs/Google
2026-01-25 01:21:44,580 [DEBUG] [analyze:811]   Not found or empty
2026-01-25 01:21:44,580 [DEBUG] [analyze:788] Scanning: Legacy Google Drive
2026-01-25 01:21:44,580 [DEBUG] [analyze:789]   Path: /Users/romansergeev/Library/Application Support/Google/Drive
2026-01-25 01:21:44,580 [DEBUG] [analyze:811]   Not found or empty
2026-01-25 01:21:44,580 [DEBUG] [analyze:814] --------------------------------------------------
2026-01-25 01:21:44,580 [DEBUG] [analyze:815] SCANNING GOOGLE ACCOUNTS
2026-01-25 01:21:44,580 [DEBUG] [analyze:816] --------------------------------------------------
2026-01-25 01:21:44,770 [DEBUG] [analyze:822] Account [BACKUP]: rs@rya.ae
2026-01-25 01:21:44,770 [DEBUG] [analyze:823]   Path: /Users/romansergeev/Library/CloudStorage/GoogleDrive-rs@rya.ae (25.01.2026 00:15)
2026-01-25 01:21:44,770 [DEBUG] [analyze:824]   Size: 584.56 MB
2026-01-25 01:21:44,770 [DEBUG] [analyze:825]   Sync mode: unknown
2026-01-25 01:21:44,770 [DEBUG] [analyze:826]   My Drive: 0.00 B
2026-01-25 01:21:44,770 [DEBUG] [analyze:827]   Shared Drives: 584.56 MB
2026-01-25 01:21:44,770 [DEBUG] [analyze:830]     - Production Projects: 584.56 MB
2026-01-25 01:21:44,770 [DEBUG] [analyze:822] Account [BACKUP]: rs@rya.ae
2026-01-25 01:21:44,770 [DEBUG] [analyze:823]   Path: /Users/romansergeev/Library/CloudStorage/GoogleDrive-rs@rya.ae (26-10-2025 11:34 AM)
2026-01-25 01:21:44,770 [DEBUG] [analyze:824]   Size: 3.05 MB
2026-01-25 01:21:44,770 [DEBUG] [analyze:825]   Sync mode: unknown
2026-01-25 01:21:44,770 [DEBUG] [analyze:826]   My Drive: 8.00 KB
2026-01-25 01:21:44,770 [DEBUG] [analyze:827]   Shared Drives: 3.04 MB
2026-01-25 01:21:44,770 [DEBUG] [analyze:830]     - Zoom Arch: 28.00 KB
2026-01-25 01:21:44,770 [DEBUG] [analyze:830]     - Smart Home: 64.00 KB
2026-01-25 01:21:44,770 [DEBUG] [analyze:830]     - YTLM: 436.00 KB
2026-01-25 01:21:44,770 [DEBUG] [analyze:822] Account [BACKUP]: rs@rya.ae
2026-01-25 01:21:44,770 [DEBUG] [analyze:823]   Path: /Users/romansergeev/Library/CloudStorage/GoogleDrive-rs@rya.ae (14-01-2025 12:16 PM)
2026-01-25 01:21:44,770 [DEBUG] [analyze:824]   Size: 804.00 KB
2026-01-25 01:21:44,770 [DEBUG] [analyze:825]   Sync mode: unknown
2026-01-25 01:21:44,770 [DEBUG] [analyze:826]   My Drive: 0.00 B
2026-01-25 01:21:44,770 [DEBUG] [analyze:827]   Shared Drives: 804.00 KB
2026-01-25 01:21:44,770 [DEBUG] [analyze:830]     - YTLM: 144.00 KB
2026-01-25 01:21:44,770 [DEBUG] [analyze:830]     - YTCN: 160.00 KB
2026-01-25 01:21:44,770 [DEBUG] [analyze:830]     - YTCG: 88.00 KB
2026-01-25 01:21:44,770 [DEBUG] [analyze:822] Account [BACKUP]: 1@romansergeev.com
2026-01-25 01:21:44,770 [DEBUG] [analyze:823]   Path: /Users/romansergeev/Library/CloudStorage/GoogleDrive-1@romansergeev.com (14-01-2025 12:15 PM)
2026-01-25 01:21:44,770 [DEBUG] [analyze:824]   Size: 44.00 KB
2026-01-25 01:21:44,770 [DEBUG] [analyze:825]   Sync mode: unknown
2026-01-25 01:21:44,770 [DEBUG] [analyze:826]   My Drive: 20.00 KB
2026-01-25 01:21:44,770 [DEBUG] [analyze:827]   Shared Drives: 16.00 KB
2026-01-25 01:21:44,770 [DEBUG] [analyze:830]     - Архивы - Проекты: 8.00 KB
2026-01-25 01:21:44,770 [DEBUG] [analyze:822] Account [BACKUP]: 4rsergeev@gmail.com
2026-01-25 01:21:44,770 [DEBUG] [analyze:823]   Path: /Users/romansergeev/Library/CloudStorage/GoogleDrive-4rsergeev@gmail.com (14-01-2025 12:16 PM)
2026-01-25 01:21:44,770 [DEBUG] [analyze:824]   Size: 8.00 KB
2026-01-25 01:21:44,770 [DEBUG] [analyze:825]   Sync mode: unknown
2026-01-25 01:21:44,770 [DEBUG] [analyze:826]   My Drive: 8.00 KB
2026-01-25 01:21:44,770 [DEBUG] [analyze:827]   Shared Drives: 0.00 B
2026-01-25 01:21:44,786 [DEBUG] [analyze:860] --------------------------------------------------
2026-01-25 01:21:44,786 [DEBUG] [analyze:861] ANALYSIS SUMMARY
2026-01-25 01:21:44,786 [DEBUG] [analyze:862] --------------------------------------------------
2026-01-25 01:21:44,786 [DEBUG] [analyze:863] Total size found: 3.02 GB
2026-01-25 01:21:44,786 [DEBUG] [analyze:864] Safe to delete: 3.02 GB
2026-01-25 01:21:44,786 [DEBUG] [analyze:865] Total files scanned: 1099
2026-01-25 01:21:44,786 [DEBUG] [analyze:866] Locations found: 4
2026-01-25 01:21:44,786 [DEBUG] [analyze:867] Accounts found: 5
2026-01-25 01:21:44,786 [DEBUG] [analyze:868] Disk free: 551.94 GB (98.8%)
2026-01-25 01:21:44,786 [DEBUG] [analyze:869] Analysis time: 0.81 seconds
2026-01-25 01:21:44,786 [DEBUG] [analyze:870] ==================================================
2026-01-25 01:21:44,786 [INFO] [generate_html_report:1984] HTML report saved: /Users/romansergeev/YTAI/utils/google_drive_cleaner/reports/2026-01-25_01-21-43_google_drive_report.html
2026-01-25 01:21:52,080 [DEBUG] [do_GET:2129] Opened in Finder: /Users/romansergeev/Library/CloudStorage/GoogleDrive-rs@rya.ae (25.01.2026 00:15)/Shared drives/Production Projects/RSC02-AJAX/Sources/Материалы AJAX/5) Радиус поворота.MOV
2026-01-25 01:22:14,992 [DEBUG] [do_GET:2129] Opened in Finder: /Users/romansergeev/Library/CloudStorage/GoogleDrive-rs@rya.ae (25.01.2026 00:15)/Shared drives/Production Projects/RSC02-AJAX/Sources/Материалы AJAX/5) Радиус поворота.MOV
