
═══ 01_Drive_To_Abramovo ═══
  источник A       источник B                       перекр     Δ, с  кадров  разброс    дрейф     r
  TX01_MIC035_2026 TX02_MIC031_20260717_130729_ori    1761   -0.618   -15.5    0.002    -1ppm  0.34
  TX01_MIC037_2026 TX02_MIC033_20260717_140729_ori    1762   -0.915   -22.9    0.015        —  0.34
  TX02_MIC031_2026 TX01_MIC036_20260717_133650_ori      39   +0.576   +14.4    0.000        —  0.59
  TX02_MIC032_2026 TX01_MIC037_20260717_140650_ori      39   -3.000   -75.0    0.000        —  0.48
  RYA-FX3-0706     TX01_MIC036_20260717_133650_ori    1482   +0.699   +17.5    0.009        —  0.60
  RYA-FX3-0706     TX02_MIC032_20260717_133729_ori    1444   -0.123    -3.1    0.002    -2ppm  0.53
  RYA-FX3-0707     TX01_MIC037_20260717_140650_ori      61   +0.787   +19.7    0.000        —  0.31
  TX01_MIC035_2026 RYA-FX3-0706                       1696   -0.736   -18.4    0.000        —  0.67
  TX01_MIC037_2026 RYA-FX3-0708                        525   -0.905   -22.6    0.002        —  0.53
  TX01_MIC037_2026 RYA-FX3-0709                         95   -0.926   -23.1    0.000        —  0.33
  TX01_MIC037_2026 RYA-FX3-0710                        648   -0.923   -23.1    0.028   +41ppm  0.44
  TX02_MIC031_2026 RYA-FX3-0706                       1735   -0.128    -3.2    0.009    -3ppm  0.55
  TX02_MIC032_2026 RYA-FX3-0707                        315   -0.010    -0.3    0.005    +1ppm  0.45
  TX02_MIC033_2026 RYA-FX3-0708                        525   +0.014    +0.3    0.004    +1ppm  0.59
  TX02_MIC033_2026 RYA-FX3-0709                         95   -0.005    -0.1    0.002        —  0.44
  TX02_MIC033_2026 RYA-FX3-0710                        648   -0.004    -0.1    0.003    +8ppm  0.52
  TX01_MIC036_2026 TX02_MIC032_20260717_133729_ori    1761   unstable
  TX01_MIC036_2026 RYA-FX3-0707                        277   no_confident_window
  ─── измерено: tx-tx: 4, video-tx: 12; отвергнуто как нестабильные: 1

═══ 02_House_And_Kitchen_Talk ═══
  источник A       источник B                       перекр     Δ, с  кадров  разброс    дрейф     r
  TX01_MIC038_2026 TX02_MIC034_20260717_143729_ori    1760   +0.225    +5.6    0.013    -6ppm  0.76
  TX01_MIC039_2026 TX02_MIC035_20260717_150730_ori    1760   +0.314    +7.8    0.005    -2ppm  0.85
  TX01_MIC040_2026 TX02_MIC036_20260717_153729_ori     138   -0.749   -18.7    0.005   -36ppm  0.83
  TX02_MIC034_2026 TX01_MIC039_20260717_150650_ori      40   -0.061    -1.5    0.000        —  0.78
  TX02_MIC035_2026 TX01_MIC040_20260717_153649_ori      40   -0.144    -3.6    0.000        —  0.91
  RYA-FX3-0729     TX01_MIC039_20260717_150650_ori      32   +0.095    +2.4    0.000        —  0.88
  RYA-FX3-0730     TX02_MIC035_20260717_150730_ori     235   +0.307    +7.7    0.003    -4ppm  0.93
  RYA-FX3-0745     TX01_MIC040_20260717_153649_ori     153   -0.079    -2.0    0.004   +35ppm  0.91
  RYA-FX3-0745     TX02_MIC036_20260717_153729_ori     114   -0.827   -20.7    0.009   +35ppm  0.89
  TX01_MIC038_2026 RYA-FX3-0711                         41   +0.007    +0.2    0.000        —  0.81
  TX01_MIC038_2026 RYA-FX3-0715                         27   +0.241    +6.0    0.000        —  0.88
  TX01_MIC038_2026 RYA-FX3-0716                         26   -1.139   -28.5    0.000        —  0.81
  TX01_MIC038_2026 RYA-FX3-0721                        166   -0.003    -0.1    0.008   +46ppm  0.81
  TX01_MIC038_2026 RYA-FX3-0722                        167   -0.010    -0.2    0.010   +48ppm  0.84
  TX01_MIC038_2026 RYA-FX3-0726                        439   -0.008    -0.2    0.003    -3ppm  0.86
  TX01_MIC038_2026 RYA-FX3-0727                         48   +0.220    +5.5    0.000        —  0.84
  TX01_MIC038_2026 RYA-FX3-0728                         53   -0.009    -0.2    0.004        —  0.84
  TX01_MIC038_2026 RYA-FX3-0729                        147   +0.072    +1.8    0.002    +4ppm  0.87
  TX01_MIC039_2026 RYA-FX3-0730                        242   +0.006    +0.2    0.005    +3ppm  0.89
  TX01_MIC039_2026 RYA-FX3-0731                         60   +0.317    +7.9    0.002        —  0.84
  TX01_MIC039_2026 RYA-FX3-0732                        123   +0.309    +7.7    0.004   +34ppm  0.87
  TX01_MIC039_2026 RYA-FX3-0733                         58   +0.313    +7.8    0.002        —  0.84
  TX01_MIC039_2026 RYA-FX3-0736                        153   +0.315    +7.9    0.002    +8ppm  0.88
  TX01_MIC039_2026 RYA-FX3-0737                         52   +0.297    +7.4    0.001        —  0.90
  TX01_MIC039_2026 RYA-FX3-0738                        290   +0.314    +7.8    0.002    -4ppm  0.89
  TX01_MIC039_2026 RYA-FX3-0740                        165   +0.006    +0.1    0.004   +10ppm  0.87
  TX01_MIC039_2026 RYA-FX3-0741                         53   +0.305    +7.6    0.003        —  0.87
  TX01_MIC039_2026 RYA-FX3-0742                         51   +0.008    +0.2    0.001        —  0.86
  TX01_MIC039_2026 RYA-FX3-0744                         92   +0.314    +7.8    0.002   +18ppm  0.87
  TX01_MIC039_2026 RYA-FX3-0745                        258   +0.247    +6.2    0.009    -5ppm  0.90
  TX02_MIC034_2026 RYA-FX3-0711                         41   -0.216    -5.4    0.000        —  0.70
  TX02_MIC034_2026 RYA-FX3-0715                         27   +0.008    +0.2    0.000        —  0.79
  TX02_MIC034_2026 RYA-FX3-0716                         26   -1.366   -34.2    0.000        —  0.72
  TX02_MIC034_2026 RYA-FX3-0721                        166   -0.229    -5.7    0.013   -24ppm  0.82
  TX02_MIC034_2026 RYA-FX3-0722                        167   -0.237    -5.9    0.006   +26ppm  0.81
  TX02_MIC034_2026 RYA-FX3-0726                        439   -0.234    -5.9    0.002    -2ppm  0.87
  TX02_MIC034_2026 RYA-FX3-0727                         48   -0.006    -0.1    0.000        —  0.83
  TX02_MIC034_2026 RYA-FX3-0728                         53   -0.236    -5.9    0.004        —  0.84
  TX02_MIC034_2026 RYA-FX3-0729                        179   -0.154    -3.9    0.007    -2ppm  0.79
  TX02_MIC035_2026 RYA-FX3-0731                         60   +0.006    +0.1    0.001        —  0.85
  TX02_MIC035_2026 RYA-FX3-0732                        123   -0.000    -0.0    0.001    +8ppm  0.91
  TX02_MIC035_2026 RYA-FX3-0733                         58   +0.001    +0.0    0.001        —  0.88
  TX02_MIC035_2026 RYA-FX3-0736                        153   +0.005    +0.1    0.002   -11ppm  0.91
  TX02_MIC035_2026 RYA-FX3-0737                         52   -0.017    -0.4    0.000        —  0.89
  TX02_MIC035_2026 RYA-FX3-0738                        290   +0.004    +0.1    0.001    -0ppm  0.89
  TX02_MIC035_2026 RYA-FX3-0740                        165   -0.309    -7.7    0.007   +25ppm  0.86
  TX02_MIC035_2026 RYA-FX3-0741                         53   -0.006    -0.1    0.003        —  0.88
  TX02_MIC035_2026 RYA-FX3-0742                         51   -0.305    -7.6    0.001        —  0.86
  TX02_MIC035_2026 RYA-FX3-0744                         92   +0.004    +0.1    0.003   +17ppm  0.89
  TX02_MIC035_2026 RYA-FX3-0745                        298   -0.065    -1.6    0.005    +7ppm  0.87
  ─── измерено: tx-tx: 5, video-tx: 45; отвергнуто как нестабильные: 0

═══ 03_Yulia_Interview ═══
  источник A       источник B                       перекр     Δ, с  кадров  разброс    дрейф     r
  RYA-FX3-0753     TX02_MIC043_20260717_174720_ori     396   -0.183    -4.6    0.001    +0ppm  0.97
  TX02_MIC039_2026 RYA-FX3-0746                         58   +0.006    +0.2    0.001        —  0.89
  TX02_MIC039_2026 RYA-FX3-0747                        126   +0.005    +0.1    0.000    +0ppm  0.91
  TX02_MIC039_2026 RYA-FX3-0748                        675   +0.005    +0.1    0.001    -0ppm  0.94
  TX02_MIC039_2026 RYA-FX3-0749                        169   +0.005    +0.1    0.001    -2ppm  0.86
  TX02_MIC041_2026 RYA-FX3-0750                       1032   -0.005    -0.1    0.001    -1ppm  0.94
  TX02_MIC042_2026 RYA-FX3-0751                       1276   +0.008    +0.2    0.000    -0ppm  0.94
  TX02_MIC042_2026 RYA-FX3-0752                        261   -0.002    -0.0    0.000    -1ppm  0.93
  TX02_MIC042_2026 RYA-FX3-0753                        106   -0.172    -4.3    0.000    +2ppm  0.94
  TX02_MIC043_2026 RYA-FX3-0754                         41   +0.603   +15.1    0.000        —  0.92
  ─── измерено: video-tx: 10; отвергнуто как нестабильные: 0

═══ 04_Caregiver_Interview ═══
  источник A       источник B                       перекр     Δ, с  кадров  разброс    дрейф     r
  RYA-FX3-0760     TX01_MIC043_20260717_212512_ori     126   -0.142    -3.5    0.000    -2ppm  0.97
  RYA-FX3-0765     TX01_MIC044_20260717_215512_ori      63   +0.024    +0.6    0.000        —  0.98
  TX01_MIC042_2026 RYA-FX3-0755                         77   -0.003    -0.1    0.001        —  0.93
  TX01_MIC042_2026 RYA-FX3-0756                        724   -0.003    -0.1    0.000    -0ppm  0.93
  TX01_MIC042_2026 RYA-FX3-0758                        145   -0.003    -0.1    0.001    -3ppm  0.95
  TX01_MIC042_2026 RYA-FX3-0759                        398   -0.003    -0.1    0.000    +0ppm  0.93
  TX01_MIC042_2026 RYA-FX3-0760                         72   -0.143    -3.6    0.000        —  0.95
  TX01_MIC043_2026 RYA-FX3-0761                        228   +0.002    +0.0    0.001    +0ppm  0.95
  TX01_MIC043_2026 RYA-FX3-0762                        479   +0.002    +0.0    0.001    -2ppm  0.95
  TX01_MIC043_2026 RYA-FX3-0763                        458   +0.002    +0.0    0.000    -0ppm  0.92
  TX01_MIC043_2026 RYA-FX3-0764                         64   +0.001    +0.0    0.001        —  0.93
  TX01_MIC043_2026 RYA-FX3-0765                        401   +0.032    +0.8    0.001    -1ppm  0.95
  TX01_MIC044_2026 RYA-FX3-0766                         79   +0.006    +0.2    0.000        —  0.92
  ─── измерено: video-tx: 13; отвергнуто как нестабильные: 0

═══ 05_Drive_Bogoyavlenie_To_Abramovo ═══
  источник A       источник B                       перекр     Δ, с  кадров  разброс    дрейф     r
  TX01_MIC005_2026 TX02_MIC004_20260720_103429_ori    1685   +0.477   +11.9    0.006    +2ppm  0.50
  TX01_MIC006_2026 TX02_MIC005_20260720_110428_ori    1686   -0.458   -11.4    0.003    -2ppm  0.62
  TX01_MIC007_2026 TX02_MIC006_20260720_113429_ori     873   +0.264    +6.6    0.003    -1ppm  0.63
  TX02_MIC004_2026 TX01_MIC006_20260720_110233_ori     115   -0.330    -8.3    0.001    +9ppm  0.40
  TX02_MIC005_2026 TX01_MIC007_20260720_113234_ori     114   +0.609   +15.2    0.004   -32ppm  0.55
  RYA-ZVE1-1885    TX02_MIC004_20260720_103429_ori    1439   +0.478   +12.0    0.004    +3ppm  0.78
  RYA-ZVE1-1886    TX01_MIC006_20260720_110233_ori     106   -0.339    -8.5    0.001    +5ppm  0.77
  TX01_MIC005_2026 RYA-ZVE1-1885                      1548   -0.001    -0.0    0.003    -2ppm  0.73
  TX01_MIC005_2026 RYA-ZVE1-1886                       161   +0.489   +12.2    0.001    +1ppm  0.82
  TX01_MIC006_2026 RYA-ZVE1-1887                      1228   +0.008    +0.2    0.006    -5ppm  0.61
  TX01_MIC007_2026 RYA-ZVE1-1889                       382   -0.005    -0.1    0.001    -3ppm  0.78
  TX02_MIC004_2026 RYA-ZVE1-1886                       267   +0.007    +0.2    0.001    -3ppm  0.59
  TX02_MIC005_2026 RYA-ZVE1-1887                      1228   +0.464   +11.6    0.003    -2ppm  0.72
  TX02_MIC006_2026 RYA-ZVE1-1889                       382   -0.273    -6.8    0.001    -0ppm  0.71
  ─── измерено: tx-tx: 5, video-tx: 9; отвергнуто как нестабильные: 0

═══ 06_Village_Walk ═══
  источник A       источник B                       перекр     Δ, с  кадров  разброс    дрейф     r
  TX01_MIC008_2026 TX02_MIC008_20260720_131535_ori    1677   +0.366    +9.2    0.013    +2ppm  0.57
  TX01_MIC009_2026 TX02_MIC009_20260720_134535_ori    1677   -0.126    -3.2    0.006    -4ppm  0.66
  TX02_MIC008_2026 TX01_MIC009_20260720_134332_ori     123   -0.215    -5.4    0.004   -29ppm  0.54
  TX01_MIC008_2026 RYA-FX3-0933                         67   -0.015    -0.4    0.001        —  0.81
  TX01_MIC008_2026 RYA-FX3-0934                         48   +0.376    +9.4    0.000        —  0.66
  TX01_MIC008_2026 RYA-FX3-0935                         49   -0.002    -0.1    0.000        —  0.86
  TX01_MIC008_2026 RYA-FX3-0937                         93   -0.005    -0.1    0.001   -24ppm  0.87
  TX01_MIC008_2026 RYA-FX3-0938                         92   +0.009    +0.2    0.002   -16ppm  0.86
  TX01_MIC008_2026 RYA-FX3-0940                         35   -0.010    -0.3    0.000        —  0.83
  TX01_MIC008_2026 RYA-FX3-0944                        139   +0.006    +0.2    0.007   -36ppm  0.74
  TX01_MIC009_2026 RYA-FX3-0951                         63   -0.005    -0.1    0.001        —  0.76
  TX01_MIC009_2026 RYA-FX3-0952                        225   -0.006    -0.1    0.001    +4ppm  0.79
  TX02_MIC008_2026 RYA-FX3-0933                         67   -0.388    -9.7    0.002        —  0.89
  TX02_MIC008_2026 RYA-FX3-0934                         48   -0.000    -0.0    0.000        —  0.74
  TX02_MIC008_2026 RYA-FX3-0935                         49   -0.380    -9.5    0.000        —  0.83
  TX02_MIC008_2026 RYA-FX3-0937                         93   -0.381    -9.5    0.003   +39ppm  0.84
  TX02_MIC008_2026 RYA-FX3-0938                         92   -0.371    -9.3    0.003   +21ppm  0.84
  TX02_MIC008_2026 RYA-FX3-0940                         35   -0.391    -9.8    0.000        —  0.70
  TX02_MIC008_2026 RYA-FX3-0944                        139   -0.369    -9.2    0.004   +33ppm  0.85
  TX02_MIC009_2026 RYA-FX3-0951                         63   +0.113    +2.8    0.000        —  0.83
  TX02_MIC009_2026 RYA-FX3-0952                        225   +0.113    +2.8    0.001    +7ppm  0.78
  ─── измерено: tx-tx: 3, video-tx: 18; отвергнуто как нестабильные: 0

═══ 07_Swings_Interview_And_Lunch ═══
  источник A       источник B                       перекр     Δ, с  кадров  разброс    дрейф     r
  TX01_MIC011_2026 TX02_MIC010_20260720_142357_ori    1289   -0.856   -21.4    0.009    -3ppm  0.53
  RYA-FX3-0955     TX02_MIC010_20260720_142357_ori      86   -0.859   -21.5    0.001        —  0.74
  TX01_MIC011_2026 RYA-FX3-0955                        189   +0.002    +0.1    0.010   -56ppm  0.88
  TX01_MIC011_2026 RYA-FX3-0956                        119   -0.001    -0.0    0.013  +141ppm  0.84
  TX01_MIC011_2026 RYA-FX3-0957                        897   -0.000    -0.0    0.002    -2ppm  0.75
  TX02_MIC010_2026 RYA-FX3-0956                        119   +0.856   +21.4    0.007   -78ppm  0.85
  TX02_MIC010_2026 RYA-FX3-0957                        897   +0.857   +21.4    0.004    -1ppm  0.81
  ─── измерено: tx-tx: 1, video-tx: 6; отвергнуто как нестабильные: 0

═══ 08_Marevka_Spring ═══
  источник A       источник B                       перекр     Δ, с  кадров  разброс    дрейф     r
  TX01_MIC012_2026 TX02_MIC011_20260720_170000_ori     786   +0.298    +7.5    0.010    +2ppm  0.77
  TX01_MIC012_2026 RYA-FX3-0970                        311   +0.006    +0.1    0.006   +20ppm  0.84
  TX01_MIC012_2026 RYA-FX3-0971                         80   +0.289    +7.2    0.001        —  0.74
  TX02_MIC011_2026 RYA-FX3-0970                        311   -0.286    -7.2    0.006   -21ppm  0.86
  TX02_MIC011_2026 RYA-FX3-0971                         80   -0.005    -0.1    0.001        —  0.86
  ─── измерено: tx-tx: 1, video-tx: 4; отвергнуто как нестабильные: 0

═══ 09_Evening_Wrapup ═══
  источник A       источник B                       перекр     Δ, с  кадров  разброс    дрейф     r
  TX02_MIC012_2026 RYA-FX3-0987                        134   +0.002    +0.0    0.000    +1ppm  0.92
  TX02_MIC012_2026 RYA-FX3-0988                        172   +0.001    +0.0    0.001    +5ppm  0.91
  TX02_MIC012_2026 RYA-FX3-0989                        439   +0.002    +0.0    0.001    -1ppm  0.96
  TX02_MIC012_2026 RYA-FX3-0986                         39   no_confident_window
  ─── измерено: video-tx: 3; отвергнуто как нестабильные: 0

═══ 10_Photo_Album_And_Phone ═══
  источник A       источник B                       перекр     Δ, с  кадров  разброс    дрейф     r
  RYA-FX3-1009     TX02_MIC005_20260721_145142_ori     157   -0.132    -3.3    0.000    -1ppm  0.96
  TX02_MIC004_2026 RYA-FX3-0993                         58   +0.017    +0.4    0.000        —  0.83
  TX02_MIC004_2026 RYA-FX3-0995                         65   -0.003    -0.1    0.000        —  0.84
  TX02_MIC004_2026 RYA-FX3-0996                         52   -0.023    -0.6    0.000        —  0.94
  TX02_MIC004_2026 RYA-FX3-0997                         88   -0.003    -0.1    0.000        —  0.94
  TX02_MIC004_2026 RYA-FX3-0998                         49   -0.003    -0.1    0.000        —  0.94
  TX02_MIC004_2026 RYA-FX3-0999                         55   -0.003    -0.1    0.000        —  0.89
  TX02_MIC004_2026 RYA-FX3-1000                        123   -0.003    -0.1    0.000    +2ppm  0.90
  TX02_MIC004_2026 RYA-FX3-1004                         80   -0.003    -0.1    0.000        —  0.86
  TX02_MIC004_2026 RYA-FX3-1005                         69   +0.007    +0.2    0.000        —  0.93
  TX02_MIC004_2026 RYA-FX3-1007                        162   +0.007    +0.2    0.000    +0ppm  0.90
  TX02_MIC004_2026 RYA-FX3-1008                         46   +0.006    +0.2    0.000        —  0.92
  TX02_MIC004_2026 RYA-FX3-1009                        482   -0.113    -2.8    0.000    +1ppm  0.91
  TX02_MIC007_2026 RYA-FX3-1012                        131   -0.004    -0.1    0.000    +1ppm  0.90
  TX02_MIC007_2026 RYA-FX3-1013                        162   -0.004    -0.1    0.000    -3ppm  0.84
  TX02_MIC007_2026 RYA-FX3-1014                        765   -0.004    -0.1    0.001    -0ppm  0.83
  ─── измерено: video-tx: 16; отвергнуто как нестабильные: 0

═══ 11_Curator_Gulya ═══
  источник A       источник B                       перекр     Δ, с  кадров  разброс    дрейф     r
  TX02_MIC020_2026 RYA-FX3-1098                        897   +0.007    +0.2    0.000    -0ppm  0.95
  ─── измерено: video-tx: 1; отвергнуто как нестабильные: 0

═══ 90_Channel_Donation_CTA ═══
  источник A       источник B                       перекр     Δ, с  кадров  разброс    дрейф     r
  RYA-FX3-1109     TX02_MIC024_20260724_170259_ori     159   -0.163    -4.1    0.000    -0ppm  0.98
  TX02_MIC023_2026 RYA-FX3-1109                        115   -0.172    -4.3    0.000    -2ppm  0.96
  ─── измерено: video-tx: 2; отвергнуто как нестабильные: 0

Отчёт: report_all.json
