
═══ 01_Drive_To_Abramovo ═══
источников 11 (5 видео, 6 петличек), измерений 30, компонент 1
разброс сырых Δ до решения: 6.000 с (150.0 кадра)
невязка после решения:      RMS 2.5 мс (0.06 кадра), макс 6.5 мс
отброшено измерений: 4 из 30; избыточных измерений (степеней свободы): 20

  отброшенные измерения (ложный захват):
    TX02_MIC032_20260717_1   ↔ TX01_MIC037_20260717_140650_or   Δ=-3.000  невязка=+3.777 с  перекр 39 с
    RYA-FX3-0706             ↔ TX02_MIC032_20260717_133729_or   Δ=-0.123  невязка=+3.101 с  перекр 1444 с
    TX02_MIC032_20260717_1   ↔ TX01_MIC037_20260717_140650_or   Δ=+3.000  невязка=-2.223 с  перекр 39 с
    TX01_MIC036_20260717_1   ↔ TX02_MIC032_20260717_133729_or   Δ=+3.000  невязка=-0.721 с  перекр 1761 с

═══ 02_House_And_Kitchen_Talk ═══
источников 27 (21 видео, 6 петличек), измерений 100, компонент 1
разброс сырых Δ до решения: 1.683 с (42.1 кадра)
невязка после решения:      RMS 1.2 мс (0.03 кадра), макс 3.7 мс
отброшено измерений: 0 из 100; избыточных измерений (степеней свободы): 74

═══ 03_Yulia_Interview ═══
источников 13 (9 видео, 4 петличек), измерений 20, компонент 3
разброс сырых Δ до решения: 0.786 с (19.6 кадра)
невязка после решения:      RMS 0.2 мс (0.00 кадра), макс 0.4 мс
отброшено измерений: 0 из 20; избыточных измерений (степеней свободы): 10
  ⚠️  сцена распадается на 3 несвязанных кусков — между ними синхрон не гарантирован

═══ 04_Caregiver_Interview ═══
источников 14 (11 видео, 3 петличек), измерений 26, компонент 1
разброс сырых Δ до решения: 0.175 с (4.4 кадра)
невязка после решения:      RMS 0.1 мс (0.00 кадра), макс 0.2 мс
отброшено измерений: 0 из 26; избыточных измерений (степеней свободы): 13

═══ 05_Drive_Bogoyavlenie_To_Abramovo ═══
источников 10 (4 видео, 6 петличек), измерений 27, компонент 1
разброс сырых Δ до решения: 1.069 с (26.7 кадра)
невязка после решения:      RMS 1.2 мс (0.03 кадра), макс 2.8 мс
отброшено измерений: 0 из 27; избыточных измерений (степеней свободы): 18

  ⚠️  МОСТЫ — 1 связ(и), обрыв или ошибка в которых сдвинет целый кусок сцены:
      TX02_MIC005_20260720_1   ↔ TX01_MIC007_20260720_113234_or   перекр 114 с  Δ=+0.609  r=0.554
      → домерить эти пары другими окнами или добавить перекрывающийся источник

═══ 06_Village_Walk ═══
источников 13 (9 видео, 4 петличек), измерений 42, компонент 1
разброс сырых Δ до решения: 0.768 с (19.2 кадра)
невязка после решения:      RMS 2.5 мс (0.06 кадра), макс 9.9 мс
отброшено измерений: 0 из 42; избыточных измерений (степеней свободы): 30

═══ 07_Swings_Interview_And_Lunch ═══
источников 5 (3 видео, 2 петличек), измерений 14, компонент 1
разброс сырых Δ до решения: 1.716 с (42.9 кадра)
невязка после решения:      RMS 0.7 мс (0.02 кадра), макс 1.2 мс
отброшено измерений: 0 из 14; избыточных измерений (степеней свободы): 10

═══ 08_Marevka_Spring ═══
источников 4 (2 видео, 2 петличек), измерений 10, компонент 1
разброс сырых Δ до решения: 0.591 с (14.8 кадра)
невязка после решения:      RMS 2.2 мс (0.06 кадра), макс 5.3 мс
отброшено измерений: 0 из 10; избыточных измерений (степеней свободы): 7

═══ 09_Evening_Wrapup ═══
источников 5 (4 видео, 1 петличек), измерений 7, компонент 1
разброс сырых Δ до решения: 0.160 с (4.0 кадра)
невязка после решения:      RMS 0.1 мс (0.00 кадра), макс 0.2 мс
отброшено измерений: 0 из 7; избыточных измерений (степеней свободы): 3

  ⚠️  МОСТЫ — 1 связ(и), обрыв или ошибка в которых сдвинет целый кусок сцены:
      TX02_MIC012_20260720_1   ↔ RYA-FX3-0986                     перекр 39 с  Δ=+0.161  r=0.575
      → домерить эти пары другими окнами или добавить перекрывающийся источник

═══ 10_Photo_Album_And_Phone ═══
источников 18 (15 видео, 3 петличек), измерений 32, компонент 2
разброс сырых Δ до решения: 0.149 с (3.7 кадра)
невязка после решения:      RMS 0.1 мс (0.00 кадра), макс 0.3 мс
отброшено измерений: 0 из 32; избыточных измерений (степеней свободы): 16
  ⚠️  сцена распадается на 2 несвязанных кусков — между ними синхрон не гарантирован

═══ 11_Curator_Gulya ═══
источников 2 (1 видео, 1 петличек), измерений 2, компонент 1
разброс сырых Δ до решения: 0.000 с (0.0 кадра)
невязка после решения:      RMS 0.1 мс (0.00 кадра), макс 0.1 мс
отброшено измерений: 0 из 2; избыточных измерений (степеней свободы): 1

═══ 90_Channel_Donation_CTA ═══
источников 3 (1 видео, 2 петличек), измерений 4, компонент 1
разброс сырых Δ до решения: 0.009 с (0.2 кадра)
невязка после решения:      RMS 0.1 мс (0.00 кадра), макс 0.1 мс
отброшено измерений: 0 из 4; избыточных измерений (степеней свободы): 2

Поправки: patch_all_rep2.json
