
=== Configuration ===
DOCX            : /Users/romansergeev/Downloads/YTCG.docx
Lessons in DOCX : 59
Processing      : 59
Output root     : /Users/romansergeev/YTAI/utils/thinkific_downloader/downloads
Download engine : ffmpeg
Resume mode     : True
Transcription   : on (model=large-v3, speakers=1, lang=en)
Screenshots     : off
AI Descriptions : off
Dry run         : False
Log file        : /Users/romansergeev/YTAI/utils/thinkific_downloader/logs/process_docx_20260315_154110.log

=== Lesson 01 ===

[01/59] Phase_1_-_1._Intro_Video.mp4
  URL: https://ed-s-school-81f3.thinkific.com/courses/take/YTGS4/lessons/67892261-how-to-get-sales-views-on-youtube?wvideo=owhy8fghdr
  ⏭  Skipped (already completed)

=== Lesson 02 ===

[02/59] Phase_1_-_3._Expectations.mp4
  URL: https://ed-s-school-81f3.thinkific.com/courses/take/YTGS4/lessons/67892266-setting-yourself-up-to-succeed?wvideo=o2u5e67f67
  ⏭  Skipped (already completed)

=== Lesson 03 ===

[03/59] Phase_1_-_4._How_YouTube_Works.mp4
  URL: https://ed-s-school-81f3.thinkific.com/courses/take/YTGS4/lessons/67892666-how-youtube-works-to-grow-a-business-channel?wvideo=66s1jr2gef
  ⏭  Skipped (already completed)

=== Lesson 04 ===

[04/59] Phase_1_-_6._Position_Intro.mp4
  URL: https://ed-s-school-81f3.thinkific.com/courses/take/YTGS4/lessons/67892271-positioning-basics?wvideo=jkqkczfru1
  ⏭  Skipped (already completed)

=== Lesson 05 ===

[05/59] Phase_1_-_7._How_To_Position.mp4
  URL: https://ed-s-school-81f3.thinkific.com/courses/take/YTGS4/lessons/67892275-task-how-to-position-yourself-to-succeed?wvideo=l3fj6kg1y4
  ⏭  Skipped (already completed)

=== Lesson 06 ===

[06/59] Phase_1_-_9._Audit_V2.mp4
  URL: https://ed-s-school-81f3.thinkific.com/courses/take/YTGS4/lessons/67892283-task-auditing-your-foundations?wvideo=uca14sgz0s
  ↳ Video exists (12 MB), skipping download
